2026-08-15 17:00:06 - [INFO] - test logging
2026-08-15 17:14:13 - [INFO] - test masuk dari main
2026-08-15 17:35:15 - [INFO] - test
2026-08-15 17:37:20 - [INFO] - test
2026-08-15 17:37:20 - [INFO] - Proses mengambil data...
2026-08-15 17:37:25 - [INFO] - Berhasil mendapatkan data
2026-08-15 17:53:49 - [INFO] - Proses mengambil data...
2026-08-15 17:53:54 - [INFO] - Berhasil mendapatkan data
2026-08-15 17:53:54 - [INFO] - Proses mengambil data untuk diolah
2026-08-15 17:53:54 - [INFO] - Proses mengambil data...
2026-08-15 17:53:59 - [INFO] - Berhasil mendapatkan data
2026-08-15 17:53:59 - [INFO] - Menghapus data yang duplikat
2026-08-15 17:53:59 - [INFO] - mengubah data type tanggal menjadi datetime
2026-08-15 23:05:30 - [INFO] - Proses mengambil data...
2026-08-15 23:05:35 - [INFO] - Berhasil mendapatkan data
2026-08-15 23:05:35 - [INFO] - Proses mengambil data untuk diolah
2026-08-15 23:05:35 - [INFO] - Proses mengambil data...
2026-08-15 23:05:40 - [INFO] - Berhasil mendapatkan data
2026-08-15 23:05:40 - [INFO] - Proses menghapus data yang duplikat
2026-08-15 23:05:40 - [INFO] - Proses mengubah data type tanggal menjadi datetime
2026-08-15 23:07:37 - [INFO] - Proses mengambil data...
2026-08-15 23:07:42 - [INFO] - Berhasil mendapatkan data
2026-08-15 23:07:42 - [INFO] - Proses mengambil data untuk diolah
2026-08-15 23:07:42 - [INFO] - Proses mengambil data...
2026-08-15 23:07:47 - [INFO] - Berhasil mendapatkan data
2026-08-15 23:07:52 - [INFO] - Proses menghapus data yang duplikat
2026-08-15 23:07:57 - [INFO] - Berhasil menghapus data duplikat
2026-08-15 23:07:57 - [INFO] - Proses mengubah data type tanggal menjadi datetime
2026-08-15 23:08:02 - [INFO] - Berhasil mengubah tipe data
